<html>
<body>
<pre>
<h1>µVision Build Log</h1>
<h2>Tool Versions:</h2>
IDE-Version: ¦ÌVision V5.43.1.0
Copyright (C) 2025 ARM Ltd and ARM Germany GmbH. All rights reserved.
License Information: 1 Administrator, 1, LIC=GMZI6-D5B69-WFVI7-EFFLJ-7KGDT-GEB3I
 
Tool Versions:
Toolchain:       MDK-ARM Plus  Version: 5.43.0.0
Toolchain Path:  D:\Keil MDK\Keil_v5\ARM\ARMCLANG\Bin
C Compiler:      ArmClang.exe V6.24
Assembler:       Armasm.exe V6.24
Linker/Locator:  ArmLink.exe V6.24
Library Manager: ArmAr.exe V6.24
Hex Converter:   FromElf.exe V6.24
CPU DLL:         SARMCM3.DLL V5.43.0.0
Dialog DLL:      DCM.DLL V1.17.5.0
Target DLL:      STLink\ST-LINKIII-KEIL_SWO.dll V3.3.1.0
Dialog DLL:      TCM.DLL V1.56.6.0
 
<h2>Project:</h2>
C:\Users\27655\Desktop\H743\h743xih6\STM32H743_750_MB\demo\9_ltdc_rgblcd_rgb565\4.3_800_480_rgb565\MDK-ARM\STM32H7xx.uvprojx
Project File Date:  06/01/2026

<h2>Output:</h2>
*** Using Compiler 'V6.24', folder: 'D:\Keil MDK\Keil_v5\ARM\ARMCLANG\Bin'
Build target 'STM32H7xx'
compiling lcd.c...
linking...
Program Size: Code=24914 RO-data=787038 RW-data=20 ZI-data=770148  
FromELF: creating hex file...
"STM32H7xx\STM32H7xx.axf" - 0 Error(s), 0 Warning(s).

<h2>Software Packages used:</h2>

Package Vendor: ARM
                https://www.keil.com/pack/ARM.CMSIS.6.2.0.pack
                ARM::CMSIS@6.2.0
                CMSIS (Common Microcontroller Software Interface Standard)
   * Component: CORE Version: 6.1.1

Package Vendor: Keil
                https://www.keil.com/pack/Keil.STM32H7xx_DFP.4.1.1.pack
                Keil::STM32H7xx_DFP@4.1.1
                STMicroelectronics STM32H7 Series Device Support

<h2>Collection of Component include folders:</h2>
  ./RTE/_STM32H7xx
  D:/Keil MDK/Arm/Packs/ARM/CMSIS/6.2.0/CMSIS/Core/Include

<h2>Collection of Component Files used:</h2>

   * Component: ARM::CMSIS:CORE@6.1.1
Build Time Elapsed:  00:00:01
</pre>
</body>
</html>
