<html>
<body>
<pre>
<h1>�Vision Build Log</h1>
<h2>Tool Versions:</h2>
IDE-Version: ��Vision V5.43.1.0
Copyright (C) 2025 ARM Ltd and ARM Germany GmbH. All rights reserved.
License Information: 1 Administrator, 1, LIC=GMZI6-D5B69-WFVI7-EFFLJ-7KGDT-GEB3I
 
Tool Versions:
Toolchain:       MDK-ARM Plus  Version: 5.43.0.0
Toolchain Path:  D:\Keil MDK\Keil_v5\ARM\ARMCLANG\Bin
C Compiler:      ArmClang.exe V6.24
Assembler:       Armasm.exe V6.24
Linker/Locator:  ArmLink.exe V6.24
Library Manager: ArmAr.exe V6.24
Hex Converter:   FromElf.exe V6.24
CPU DLL:         SARMCM3.DLL V5.43.0.0
Dialog DLL:      DCM.DLL V1.17.5.0
Target DLL:      STLink\ST-LINKIII-KEIL_SWO.dll V3.3.1.0
Dialog DLL:      TCM.DLL V1.56.6.0
 
<h2>Project:</h2>
C:\Users\27655\Desktop\H743\h743xih6\STM32H743_750_MB\demo\5_spi_w25qxx\MDK-ARM\STM32H7xx.uvprojx
Project File Date:  06/01/2026

<h2>Output:</h2>
*** Using Compiler 'V6.24', folder: 'D:\Keil MDK\Keil_v5\ARM\ARMCLANG\Bin'
Build target 'STM32H7xx'
compiling stm32h7xx_hal_msp.c...
compiling gpio.c...
../Core/Src/main.c(93): warning: illegal character encoding in string literal [-Winvalid-source-encoding]
   93 |     printf("CPU : STM32H743XIH6, BGA240, <D6><F7>Ƶ: %dMHz\r\n", SystemCoreClock / 1000000);
      |                                          ^~~~~~~~
../Core/Src/main.c(97): warning: illegal character encoding in string literal [-Winvalid-source-encoding]
   97 |         printf("* <C0><FD><B3><CC><C3><FB><B3><C6> : SPI<B6><C1>дFlash\r\n");        /* <B4><F2>ӡ<C0><FD><B3><CC><C3><FB><B3><C6> */
      |                   ^~~~~~~~~~~~~~~~~~~~~~~~~~~~~~~~      ~~~~~~~~
../Core/Src/main.c(98): warning: illegal character encoding in string literal [-Winvalid-source-encoding]
   98 |     printf("* <C0><FD><B3><CC><CF><D6><CF><F3> : <D4><DA>Flashд<C8><EB><BA>Ͷ<C1>ȡ<CA><FD><BE><DD>\r\n");   /* <B4><F2>ӡ<C0><FD><B3><CC><C3><FB><B3><C6> */
      |               ^~~~~~~~~~~~~~~~~~~~~~~~~~~~~~~~   ~~~~~~~~      ~~~~~~~~~~~~ ~~~~ ~~~~~~~~~~~~~~~~
../Core/Src/main.c(99): warning: illegal character encoding in string literal [-Winvalid-source-encoding]
   99 |     printf("* оƬ<D0>ͺ<C5> : W25Q256JV\r\n");       /* <B4><F2>ӡ<C0><FD><B3><CC><C3><FB><B3><C6> */
      |                 ^~~~ ~~~~
4 warnings generated.
compiling main.c...
assembling startup_stm32h743xx.s...
compiling stm32h7xx_it.c...
compiling spi.c...
compiling usart.c...
compiling stm32h7xx_hal_cortex.c...
compiling w25qxx.c...
compiling stm32h7xx_hal_rcc.c...
compiling stm32h7xx_hal_flash.c...
compiling stm32h7xx_hal_rcc_ex.c...
compiling stm32h7xx_hal_flash_ex.c...
compiling stm32h7xx_hal_hsem.c...
compiling stm32h7xx_hal_gpio.c...
compiling stm32h7xx_hal_pwr.c...
compiling stm32h7xx_hal_dma_ex.c...
compiling stm32h7xx_hal_mdma.c...
compiling stm32h7xx_hal_i2c_ex.c...
compiling stm32h7xx_hal_pwr_ex.c...
compiling stm32h7xx_hal.c...
compiling stm32h7xx_hal_exti.c...
compiling stm32h7xx_hal_dma.c...
compiling stm32h7xx_hal_spi_ex.c...
compiling stm32h7xx_hal_tim.c...
compiling stm32h7xx_hal_tim_ex.c...
compiling system_stm32h7xx.c...
compiling stm32h7xx_hal_spi.c...
compiling stm32h7xx_hal_uart_ex.c...
compiling stm32h7xx_hal_uart.c...
compiling stm32h7xx_hal_i2c.c...
linking...
Program Size: Code=17244 RO-data=996 RW-data=16 ZI-data=6104  
FromELF: creating hex file...
"STM32H7xx\STM32H7xx.axf" - 0 Error(s), 4 Warning(s).

<h2>Software Packages used:</h2>

Package Vendor: ARM
                https://www.keil.com/pack/ARM.CMSIS.6.2.0.pack
                ARM::CMSIS@6.2.0
                CMSIS (Common Microcontroller Software Interface Standard)
   * Component: CORE Version: 6.1.1

Package Vendor: Keil
                https://www.keil.com/pack/Keil.STM32H7xx_DFP.4.1.1.pack
                Keil::STM32H7xx_DFP@4.1.1
                STMicroelectronics STM32H7 Series Device Support

<h2>Collection of Component include folders:</h2>
  ./RTE/_STM32H7xx
  D:/Keil MDK/Arm/Packs/ARM/CMSIS/6.2.0/CMSIS/Core/Include

<h2>Collection of Component Files used:</h2>

   * Component: ARM::CMSIS:CORE@6.1.1
Build Time Elapsed:  00:00:02
</pre>
</body>
</html>
